// Jest Snapshot v1, https://goo.gl/fbAQLP

exports[`Matches the snapshot 1`] = `
<DocumentFragment>
  <div
    class="pf-c-back-to-top pf-m-hidden"
  >
    <div>
      <p>
        primary
      </p>
      <p>
        right
      </p>
      <button>
        Back to top
      </button>
    </div>
  </div>
</DocumentFragment>
`;
