// Jest Snapshot v1, https://goo.gl/fbAQLP

exports[`Matches the snapshot 1`] = `
<DocumentFragment>
  <img
    alt="avatar"
    class="pf-c-avatar"
    src=""
  />
</DocumentFragment>
`;
